Enter query: Querying student with last name LINHART
LINHART, LELA, 3, 107, FAFARD, ROCIO
Enter query: 