// CSC 365. Spring 2019
// Lab 1-2 test suite
// Kellie Banzon, Cole Bemis, Tanner Larson

// TC-1
// Tests R3, R4z
LINHART, LELA, 3, 107, FAFARD, ROCIO

// TC-2
// Tests R3, R4
SWEDLUND, SHARRI, 3, 107, FAFARD, ROCIO


// TC-3
// Tests R3, R4


// TC-4
// Tests R3, R4
Unrecognized command. Possible commands:
- S[tudent]: <lastname> [B[us]]
- T[eacher]: <lastname>
- B[us]: <number>
- G[rade]: <number> [H[igh]|L[ow]]
- A[verage]: <number>
- I[nfo]
- Q[uit]

// TC-5
// Tests R3, R5
TOWLEY, LANE, 54

// TC-6
// Tests R3, R6
RACANELLO, NOEL
CORONADO, DIMPLE
BOYTER, WAN
KEMERER, ROSETTA
DEMARTINI, DEWAYNE

// TC-7
// Tests R3, R7
SAELEE, DANILO
GARTH, JOHN

// TC-8
// Tests R3, R7


// TC-9
// Tests R3, R8
COOKUS, XUAN, 3, 107
ELHADDAD, SHANTE, 3, 107
IMMERMAN, DEVIN, 4, 105
OBREIN, STAN, 6, 111
CORONADO, DIMPLE, 6, 102
SARAO, DIEDRA, 2, 108
EARLY, TORY, 3, 107
KEMERER, ROSETTA, 6, 102

// TC-10
// Tests R3, R8, E1
Unrecognized command. Possible commands:
- S[tudent]: <lastname> [B[us]]
- T[eacher]: <lastname>
- B[us]: <number>
- G[rade]: <number> [H[igh]|L[ow]]
- A[verage]: <number>
- I[nfo]
- Q[uit]

// TC-11
// Tests R3, R9
GARTH, JOHN, 3.14, FALKER, ADOLPH, 0

// TC-12
// Tests R3, R9
SAELEE, DANILO, 2.85, FALKER, ADOLPH, 54

// TC-13
// Tests R3, R10
2.995

// TC-14
// Tests R3, R10, E1
Unrecognized command. Possible commands:
- S[tudent]: <lastname> [B[us]]
- T[eacher]: <lastname>
- B[us]: <number>
- G[rade]: <number> [H[igh]|L[ow]]
- A[verage]: <number>
- I[nfo]
- Q[uit]

// TC-15
// Tests R3, R11
0: 0
1: 2
2: 13
3: 9
4: 15
5: 0
6: 21

// TC-16
// Tests R3, R12


// TC-17
// Tests E1
Unrecognized command. Possible commands:
- S[tudent]: <lastname> [B[us]]
- T[eacher]: <lastname>
- B[us]: <number>
- G[rade]: <number> [H[igh]|L[ow]]
- A[verage]: <number>
- I[nfo]
- Q[uit]
