Enter query: 0: 0
1: 2
2: 13
3: 9
4: 15
5: 0
6: 21
Enter query: 