Enter query: BANZON, KELLIE
BEMIS, COLE
Enter query: 