Enter query: 701dd7c11905a4c0e1a9; 3.12; 4; HANTZ, JED; 51
Enter query: 