Enter query: 17472e443362a4534c33; 3.1; 6; KERBS, BENITO; 55
d45c6f546f9cb18f9828; 2.93; 6; KERBS, BENITO; 55
Enter query: 