Enter query: 5437756226515167994; 2.85; 1; FALKER, ADOLPH; 54
8685481672206056646; 3.14; 1; FALKER, ADOLPH; 0
Enter query: 