Enter query: SAELEE, DANILO, 2.85, FALKER, ADOLPH, 54
GARTH, JOHN, 3.14, FALKER, ADOLPH, 0
Enter query: 