Enter query: Querying lowest GPA in grade 1
SAELEE, DANILO, 2.85, FALKER, ADOLPH, 54
Enter query: 