Enter query: Querying highest GPA in grade 1
GARTH, JOHN, 3.14, FALKER, ADOLPH, 0
Enter query: 